Copyright 1986-2022 Xilinx, Inc. All Rights Reserved.
---------------------------------------------------------------------------------------
| Tool Version : Vivado v.2022.1 (win64) Build 3526262 Mon Apr 18 15:48:16 MDT 2022
| Date         : Wed Oct 19 18:56:53 2022
| Host         : LAPTOP-M3DNELKA running 64-bit major release  (build 9200)
| Command      : report_control_sets -verbose -file fpga_top_U_control_sets_placed.rpt
| Design       : fpga_top_U
| Device       : xc7a35ti
---------------------------------------------------------------------------------------

Control Set Information

Table of Contents
-----------------
1. Summary
2. Histogram
3. Flip-Flop Distribution
4. Detailed Control Set Information

1. Summary
----------

+----------------------------------------------------------+-------+
|                          Status                          | Count |
+----------------------------------------------------------+-------+
| Total control sets                                       |    42 |
|    Minimum number of control sets                        |    42 |
|    Addition due to synthesis replication                 |     0 |
|    Addition due to physical synthesis replication        |     0 |
| Unused register locations in slices containing registers |   158 |
+----------------------------------------------------------+-------+
* Control sets can be merged at opt_design using control_set_merge or merge_equivalent_drivers
** Run report_qor_suggestions for automated merging and remapping suggestions


2. Histogram
------------

+--------------------+-------+
|       Fanout       | Count |
+--------------------+-------+
| Total control sets |    42 |
| >= 0 to < 4        |     9 |
| >= 4 to < 6        |     1 |
| >= 6 to < 8        |     0 |
| >= 8 to < 10       |     3 |
| >= 10 to < 12      |     3 |
| >= 12 to < 14      |     1 |
| >= 14 to < 16      |     0 |
| >= 16              |    25 |
+--------------------+-------+
* Control sets can be remapped at either synth_design or opt_design


3. Flip-Flop Distribution
-------------------------

+--------------+-----------------------+------------------------+-----------------+--------------+
| Clock Enable | Synchronous Set/Reset | Asynchronous Set/Reset | Total Registers | Total Slices |
+--------------+-----------------------+------------------------+-----------------+--------------+
| No           | No                    | No                     |              21 |           11 |
| No           | No                    | Yes                    |            1816 |          576 |
| No           | Yes                   | No                     |               2 |            2 |
| Yes          | No                    | No                     |            1458 |          422 |
| Yes          | No                    | Yes                    |            3494 |          660 |
| Yes          | Yes                   | No                     |             355 |           93 |
+--------------+-----------------------+------------------------+-----------------+--------------+


4. Detailed Control Set Information
-----------------------------------

+--------------------------------------------+-----------------------------------------------------------------------------+----------------------------------------------------------------------------+------------------+----------------+--------------+
|                Clock Signal                |                                Enable Signal                                |                              Set/Reset Signal                              | Slice Load Count | Bel Load Count | Bels / Slice |
+--------------------------------------------+-----------------------------------------------------------------------------+----------------------------------------------------------------------------+------------------+----------------+--------------+
|  Series_recombination_loop/FFT_RESET_reg_0 |                                                                             | inputs/PPsig22                                                             |                1 |              1 |         1.00 |
|  CLOCK/inst/clk_sys                        | inputs/p_2_in                                                               | Series_recombination_loop/FFT_RESET_reg_0                                  |                1 |              1 |         1.00 |
|  CLOCK/inst/clk_sys                        |                                                                             | FFT_RAM1_UART/UART_TX_1/tx_r_i_1_n_0                                       |                1 |              1 |         1.00 |
| ~CLOCK/inst/clk_sys                        | inputs/Mic_shift_reg_input1_out                                             | inputs/PPsig22                                                             |                1 |              1 |         1.00 |
|  CLOCK/inst/clk_sys                        | rst_IBUF                                                                    | FFT_RAM1_UART/UART_TX_1/cnt_shift_r[9]_i_1_n_0                             |                1 |              2 |         2.00 |
|  CLOCK/inst/clk_sys                        | Series_recombination_loop/DFT_TD_DSPs[2].DFT_TD_DSP/order0                  |                                                                            |                1 |              2 |         2.00 |
|  CLOCK/inst/clk_sys                        | Series_recombination_loop/DFT_TD_DSPs[2].DFT_TD_DSP/orderi0                 |                                                                            |                1 |              2 |         2.00 |
|  CLOCK/inst/clk_sys                        | Series_recombination_loop/DFT_TD_DSPs[1].DFT_TD_DSP/order0                  |                                                                            |                1 |              2 |         2.00 |
|  CLOCK/inst/clk_sys                        | Series_recombination_loop/DFT_TD_DSPs[1].DFT_TD_DSP/orderi0                 |                                                                            |                1 |              2 |         2.00 |
|  CLOCK/inst/clk_sys                        | Series_recombination_loop/count_delay[3]_i_1_n_0                            | inputs/PPsig22                                                             |                1 |              4 |         4.00 |
|  CLOCK/inst/clk_sys                        | FFT_RAM1_UART/UART_buff[95]_i_1_n_0                                         |                                                                            |                2 |              8 |         4.00 |
|  CLOCK/inst/clk_sys                        | FFT_RAM1_UART/UART_IN0                                                      |                                                                            |                1 |              8 |         8.00 |
|  CLOCK/inst/clk_sys                        | FFT_RAM1_UART/ADDRESS[8]_i_1_n_0                                            | inputs/PPsig22                                                             |                5 |              9 |         1.80 |
|  CLOCK/inst/clk_sys                        | FFT_RAM1_UART/UART_TX_1/cnt_shift_r                                         | FFT_RAM1_UART/UART_TX_1/cnt_shift_r[9]_i_1_n_0                             |                3 |             10 |         3.33 |
|  CLOCK/inst/clk_sys                        | FFT_RAM1_UART/UART_TX_1/tx_data_sr                                          |                                                                            |                2 |             10 |         5.00 |
|  CLOCK/inst/clk_sys                        | inputs/byte_select_temp[3]_i_1_n_0                                          | Series_recombination_loop/count20                                          |                2 |             11 |         5.50 |
|  CLOCK/inst/clk_sys                        | cs_hold1                                                                    | inputs/PPsig22                                                             |                3 |             12 |         4.00 |
|  CLOCK/inst/clk_sys                        | FFT_RAM1_UART/B[8]_i_1_n_0                                                  | inputs/PPsig22                                                             |                5 |             18 |         3.60 |
|  CLOCK/inst/clk_sys                        |                                                                             |                                                                            |               11 |             21 |         1.91 |
|  CLOCK/inst/clk_sys                        | inputs/pos[14][9]_i_1_n_0                                                   |                                                                            |                8 |             28 |         3.50 |
|  CLOCK/inst/clk_sys                        | Series_recombination_loop/count3                                            | inputs/PPsig22                                                             |                9 |             31 |         3.44 |
|  CLOCK/inst/clk_sys                        | FFT_RAM1_UART/count20                                                       | FFT_RAM1_UART/count2[31]_i_1_n_0                                           |                8 |             31 |         3.88 |
|  CLOCK/inst/clk_sys                        | FFT_RAM1_UART/UART_TX_1/UART_COUNT0                                         | FFT_RAM1_UART/UART_TX_1/FSM_sequential_CASES_reg[0]                        |                9 |             32 |         3.56 |
|  CLOCK/inst/clk_sys                        | Series_recombination_loop/state_reg[0]                                      | inputs/PPsig22                                                             |                8 |             32 |         4.00 |
|  CLOCK/inst/clk_sys                        | inputs/count[0]_i_2_n_0                                                     | inputs/count[0]_i_1__0_n_0                                                 |                8 |             32 |         4.00 |
| ~CLOCK/inst/clk_sys                        |                                                                             | inputs/PPsig22                                                             |                8 |             34 |         4.25 |
|  CLOCK/inst/clk_sys                        | inputs/hold[1]_i_1__0_n_0                                                   | Series_recombination_loop/count20                                          |               10 |             36 |         3.60 |
|  CLOCK/inst/clk_sys                        | Series_recombination_loop/DFT_TD_DSPs[1].DFT_TD_DSP/orderi0                 | Series_recombination_loop/DFT_TD_DSPs[1].DFT_TD_DSP/order2I[31]_i_1_n_0    |               16 |             62 |         3.88 |
|  CLOCK/inst/clk_sys                        | Series_recombination_loop/DFT_TD_DSPs[2].DFT_TD_DSP/orderi0                 | Series_recombination_loop/DFT_TD_DSPs[2].DFT_TD_DSP/order2I[31]_i_1__0_n_0 |               16 |             62 |         3.88 |
|  CLOCK/inst/clk_sys                        | Series_recombination_loop/DFT_TD_DSPs[2].DFT_TD_DSP/order0                  | Series_recombination_loop/DFT_TD_DSPs[2].DFT_TD_DSP/order2[31]_i_1__0_n_0  |               16 |             62 |         3.88 |
|  CLOCK/inst/clk_sys                        | Series_recombination_loop/DFT_TD_DSPs[1].DFT_TD_DSP/order0                  | Series_recombination_loop/DFT_TD_DSPs[1].DFT_TD_DSP/order2[31]_i_1_n_0     |               16 |             62 |         3.88 |
|  CLOCK/inst/clk_sys                        | FFT_RAM1_UART/UART_TX_1/E[0]                                                |                                                                            |               27 |             88 |         3.26 |
|  CLOCK/inst/clk_sys                        | Series_recombination_loop/DFT_TD_DSPs[2].DFT_TD_DSP/FSM_onehot_state_reg[2] |                                                                            |               52 |            114 |         2.19 |
|  CLOCK/inst/clk_sys                        | Series_recombination_loop/DFT_TD_DSPs[2].DFT_TD_DSP/ord_diffis              | inputs/PPsig22                                                             |               33 |            124 |         3.76 |
|  CLOCK/inst/clk_sys                        | FFT_RAM1_UART/count[31]_i_1_n_0                                             | inputs/PPsig22                                                             |               41 |            125 |         3.05 |
|  CLOCK/inst/clk_sys                        | rst_IBUF                                                                    |                                                                            |               69 |            170 |         2.46 |
|  CLOCK/inst/clk_sys                        |                                                                             | Series_recombination_loop/DFT_TD_DSPs[2].DFT_TD_DSP/AR[0]                  |              116 |            334 |         2.88 |
|  CLOCK/inst/clk_sys                        |                                                                             | Series_recombination_loop/count20                                          |              168 |            575 |         3.42 |
|  CLOCK/inst/clk_sys                        |                                                                             | inputs/PPsig22                                                             |              284 |            873 |         3.07 |
|  CLOCK/inst/clk_sys                        | inputs/shift_reg_buffer0                                                    | inputs/PPsig22                                                             |              156 |           1042 |         6.68 |
|  CLOCK/inst/clk_sys                        | inputs/count116_out                                                         | inputs/PPsig22                                                             |              385 |           2048 |         5.32 |
|  CLOCK/inst/clk_sys                        | inputs/shift_reg_buffer0                                                    |                                                                            |              257 |           2048 |         7.97 |
+--------------------------------------------+-----------------------------------------------------------------------------+----------------------------------------------------------------------------+------------------+----------------+--------------+


