Copyright 1986-2022 Xilinx, Inc. All Rights Reserved.
-------------------------------------------------------------------------------------
| Tool Version : Vivado v.2022.1 (win64) Build 3526262 Mon Apr 18 15:48:16 MDT 2022
| Date         : Fri Aug 26 17:53:47 2022
| Host         : DESKTOP-BDA8VGJ running 64-bit major release  (build 9200)
| Command      : report_control_sets -verbose -file fpga_top_control_sets_placed.rpt
| Design       : fpga_top
| Device       : xc7a35ti
-------------------------------------------------------------------------------------

Control Set Information

Table of Contents
-----------------
1. Summary
2. Histogram
3. Flip-Flop Distribution
4. Detailed Control Set Information

1. Summary
----------

+----------------------------------------------------------+-------+
|                          Status                          | Count |
+----------------------------------------------------------+-------+
| Total control sets                                       |    25 |
|    Minimum number of control sets                        |    25 |
|    Addition due to synthesis replication                 |     0 |
|    Addition due to physical synthesis replication        |     0 |
| Unused register locations in slices containing registers |    79 |
+----------------------------------------------------------+-------+
* Control sets can be merged at opt_design using control_set_merge or merge_equivalent_drivers
** Run report_qor_suggestions for automated merging and remapping suggestions


2. Histogram
------------

+--------------------+-------+
|       Fanout       | Count |
+--------------------+-------+
| Total control sets |    25 |
| >= 0 to < 4        |     4 |
| >= 4 to < 6        |     5 |
| >= 6 to < 8        |     5 |
| >= 8 to < 10       |     2 |
| >= 10 to < 12      |     1 |
| >= 12 to < 14      |     1 |
| >= 14 to < 16      |     1 |
| >= 16              |     6 |
+--------------------+-------+
* Control sets can be remapped at either synth_design or opt_design


3. Flip-Flop Distribution
-------------------------

+--------------+-----------------------+------------------------+-----------------+--------------+
| Clock Enable | Synchronous Set/Reset | Asynchronous Set/Reset | Total Registers | Total Slices |
+--------------+-----------------------+------------------------+-----------------+--------------+
| No           | No                    | No                     |               8 |            4 |
| No           | No                    | Yes                    |             640 |          161 |
| No           | Yes                   | No                     |               1 |            1 |
| Yes          | No                    | No                     |              16 |           12 |
| Yes          | No                    | Yes                    |             234 |          106 |
| Yes          | Yes                   | No                     |             110 |           49 |
+--------------+-----------------------+------------------------+-----------------+--------------+


4. Detailed Control Set Information
-----------------------------------

+----------------------+--------------------------------------------------+----------------------------------------------+------------------+----------------+--------------+
|     Clock Signal     |                   Enable Signal                  |               Set/Reset Signal               | Slice Load Count | Bel Load Count | Bels / Slice |
+----------------------+--------------------------------------------------+----------------------------------------------+------------------+----------------+--------------+
|  clk_mic             | input/E                                          | input/read_en_i_2_n_0                        |                1 |              1 |         1.00 |
|  clk_mic_reg_i_2_n_0 |                                                  | rst_IBUF                                     |                1 |              1 |         1.00 |
|  CLOCK/inst/clk_sys  |                                                  | rst_IBUF                                     |                1 |              2 |         2.00 |
|  CLOCK/inst/clk_sys  | input/p_0_in__0                                  | Series_recombination_loop/AR[0]              |                1 |              3 |         3.00 |
|  CLOCK/inst/clk_sys  | Series_recombination_loop/A1_S0                  | Series_recombination_loop/A1_S[23]_i_1_n_0   |                3 |              4 |         1.33 |
|  CLOCK/inst/clk_sys  | Series_recombination_loop/A1_S0                  | Series_recombination_loop/B1_S[21]_i_1_n_0   |                3 |              4 |         1.33 |
|  CLOCK/inst/clk_sys  | Series_recombination_loop/count_delay[3]_i_1_n_0 | Series_recombination_loop/AR[0]              |                1 |              4 |         4.00 |
|  CLOCK/inst/clk_sys  | Series_recombination_loop/A1_S0                  | Series_recombination_loop/B1_S[13]_i_1_n_0   |                3 |              5 |         1.67 |
|  CLOCK/inst/clk_sys  | Series_recombination_loop/count2                 | Series_recombination_loop/AR[0]              |                1 |              5 |         5.00 |
|  CLOCK/inst/clk_sys  | Series_recombination_loop/A1_S0                  | Series_recombination_loop/A1_S[9]_i_1_n_0    |                4 |              6 |         1.50 |
|  CLOCK/inst/clk_sys  | Series_recombination_loop/A1_S0                  | Series_recombination_loop/B1_S[17]_i_1_n_0   |                5 |              6 |         1.20 |
|  CLOCK/inst/clk_sys  | Series_recombination_loop/A1_S0                  | Series_recombination_loop/B1_S[26]_i_1_n_0   |                2 |              6 |         3.00 |
|  CLOCK/inst/clk_sys  | input/count0                                     |                                              |                2 |              6 |         3.00 |
|  CLOCK/inst/clk_sys  | input/FFT_ready_i_1_n_0                          | rst_IBUF                                     |                2 |              7 |         3.50 |
|  CLOCK/inst/clk_sys  |                                                  |                                              |                4 |              8 |         2.00 |
|  CLOCK/inst/clk_sys  | Series_recombination_loop/count3[7]_i_1_n_0      | Series_recombination_loop/AR[0]              |                2 |              8 |         4.00 |
|  CLOCK/inst/clk_sys  | Series_recombination_loop/A1_S0                  |                                              |               10 |             10 |         1.00 |
|  CLOCK/inst/clk_sys  | input/byte_select_temp[3]_i_1_n_0                | Series_recombination_loop/AR[0]              |                4 |             12 |         3.00 |
|  CLOCK/inst/clk_sys  | Series_recombination_loop/A1_S0                  | Series_recombination_loop/A1_S[25]_i_1_n_0   |               11 |             15 |         1.36 |
|  CLOCK/inst/clk_sys  | Series_recombination_loop/order0                 | Series_recombination_loop/order[31]_i_1_n_0  |                9 |             32 |         3.56 |
|  CLOCK/inst/clk_sys  | Series_recombination_loop/orderi[31]_i_2_n_0     | Series_recombination_loop/orderi[31]_i_1_n_0 |                9 |             32 |         3.56 |
|  CLOCK/inst/clk_sys  | input/hold[1]_i_1_n_0                            | Series_recombination_loop/AR[0]              |               13 |             50 |         3.85 |
|  CLOCK/inst/clk_sys  |                                                  | Series_recombination_loop/temp2I[36]_i_2_n_0 |               20 |             74 |         3.70 |
|  CLOCK/inst/clk_sys  | Series_recombination_loop/final1_S               | Series_recombination_loop/AR[0]              |               81 |            144 |         1.78 |
|  CLOCK/inst/clk_sys  |                                                  | Series_recombination_loop/AR[0]              |              140 |            564 |         4.03 |
+----------------------+--------------------------------------------------+----------------------------------------------+------------------+----------------+--------------+


