#-----------------------------------------------------------
# Vivado v2022.1 (64-bit)
# SW Build 3526262 on Mon Apr 18 15:48:16 MDT 2022
# IP Build 3524634 on Mon Apr 18 20:55:01 MDT 2022
# Start of session at: Tue Aug 16 14:42:57 2022
# Process ID: 29632
# Current directory: C:/REPOS/EGH400-1/EGH400_1_Thesis/VHDL/initial/Initial_Implementation_FFT/Initial_Implementation_FFT.runs/DFTB_MEM2I_synth_1
# Command line: vivado.exe -log DFTB_MEM2I.vds -product Vivado -mode batch -messageDb vivado.pb -notrace -source DFTB_MEM2I.tcl
# Log file: C:/REPOS/EGH400-1/EGH400_1_Thesis/VHDL/initial/Initial_Implementation_FFT/Initial_Implementation_FFT.runs/DFTB_MEM2I_synth_1/DFTB_MEM2I.vds
# Journal file: C:/REPOS/EGH400-1/EGH400_1_Thesis/VHDL/initial/Initial_Implementation_FFT/Initial_Implementation_FFT.runs/DFTB_MEM2I_synth_1\vivado.jou
# Running On: LAPTOP-M3DNELKA, OS: Windows, CPU Frequency: 2208 MHz, CPU Physical cores: 6, Host memory: 17075 MB
#-----------------------------------------------------------
source DFTB_MEM2I.tcl -notrace
