#-----------------------------------------------------------
# Vivado v2022.1 (64-bit)
# SW Build 3526262 on Mon Apr 18 15:48:16 MDT 2022
# IP Build 3524634 on Mon Apr 18 20:55:01 MDT 2022
# Start of session at: Thu Aug 18 18:32:32 2022
# Process ID: 20328
# Current directory: C:/REPOS/EGH400-1/EGH400_1_Thesis/VHDL/initial/Initial_Implementation_FFT/Initial_Implementation_FFT.runs/dsp_macro_0_synth_1
# Command line: vivado.exe -log dsp_macro_0.vds -product Vivado -mode batch -messageDb vivado.pb -notrace -source dsp_macro_0.tcl
# Log file: C:/REPOS/EGH400-1/EGH400_1_Thesis/VHDL/initial/Initial_Implementation_FFT/Initial_Implementation_FFT.runs/dsp_macro_0_synth_1/dsp_macro_0.vds
# Journal file: C:/REPOS/EGH400-1/EGH400_1_Thesis/VHDL/initial/Initial_Implementation_FFT/Initial_Implementation_FFT.runs/dsp_macro_0_synth_1\vivado.jou
# Running On: LAPTOP-M3DNELKA, OS: Windows, CPU Frequency: 2208 MHz, CPU Physical cores: 6, Host memory: 17075 MB
#-----------------------------------------------------------
source dsp_macro_0.tcl -notrace
