Duplicated file found; will not be sent for synthesis: c:/REPOS/EGH400_1/EGH400_1_Thesis/VHDL/initial/Initial_Implementation_FFT/Initial_Implementation_FFT.gen/sources_1/ip/TW_RAM/hdl/blk_mem_gen_v8_4_vhsyn_rfs.vhd
Duplicated file found; will not be sent for synthesis: c:/REPOS/EGH400_1/EGH400_1_Thesis/VHDL/initial/Initial_Implementation_FFT/Initial_Implementation_FFT.gen/sources_1/ip/DFTBD_MEM8I/hdl/blk_mem_gen_v8_4_vhsyn_rfs.vhd
Duplicated file found; will not be sent for synthesis: c:/REPOS/EGH400_1/EGH400_1_Thesis/VHDL/initial/Initial_Implementation_FFT/Initial_Implementation_FFT.gen/sources_1/ip/DFTBD_MEM7I/hdl/blk_mem_gen_v8_4_vhsyn_rfs.vhd
Duplicated file found; will not be sent for synthesis: c:/REPOS/EGH400_1/EGH400_1_Thesis/VHDL/initial/Initial_Implementation_FFT/Initial_Implementation_FFT.gen/sources_1/ip/DFTBD_MEM6I/hdl/blk_mem_gen_v8_4_vhsyn_rfs.vhd
Duplicated file found; will not be sent for synthesis: c:/REPOS/EGH400_1/EGH400_1_Thesis/VHDL/initial/Initial_Implementation_FFT/Initial_Implementation_FFT.gen/sources_1/ip/DFTBD_MEM5I/hdl/blk_mem_gen_v8_4_vhsyn_rfs.vhd
Duplicated file found; will not be sent for synthesis: c:/REPOS/EGH400_1/EGH400_1_Thesis/VHDL/initial/Initial_Implementation_FFT/Initial_Implementation_FFT.gen/sources_1/ip/DFTBD_MEM4I/hdl/blk_mem_gen_v8_4_vhsyn_rfs.vhd
Duplicated file found; will not be sent for synthesis: c:/REPOS/EGH400_1/EGH400_1_Thesis/VHDL/initial/Initial_Implementation_FFT/Initial_Implementation_FFT.gen/sources_1/ip/DFTBD_MEM3I/hdl/blk_mem_gen_v8_4_vhsyn_rfs.vhd
Duplicated file found; will not be sent for synthesis: c:/REPOS/EGH400_1/EGH400_1_Thesis/VHDL/initial/Initial_Implementation_FFT/Initial_Implementation_FFT.gen/sources_1/ip/DFTBD_MEM2I/hdl/blk_mem_gen_v8_4_vhsyn_rfs.vhd
Duplicated file found; will not be sent for synthesis: c:/REPOS/EGH400_1/EGH400_1_Thesis/VHDL/initial/Initial_Implementation_FFT/Initial_Implementation_FFT.gen/sources_1/ip/DFTBD_MEM1I_1/hdl/blk_mem_gen_v8_4_vhsyn_rfs.vhd
Duplicated file found; will not be sent for synthesis: c:/REPOS/EGH400_1/EGH400_1_Thesis/VHDL/initial/Initial_Implementation_FFT/Initial_Implementation_FFT.gen/sources_1/ip/DFTBD_MEM7/hdl/blk_mem_gen_v8_4_vhsyn_rfs.vhd
Duplicated file found; will not be sent for synthesis: c:/REPOS/EGH400_1/EGH400_1_Thesis/VHDL/initial/Initial_Implementation_FFT/Initial_Implementation_FFT.gen/sources_1/ip/DFTBD_MEM6/hdl/blk_mem_gen_v8_4_vhsyn_rfs.vhd
Duplicated file found; will not be sent for synthesis: c:/REPOS/EGH400_1/EGH400_1_Thesis/VHDL/initial/Initial_Implementation_FFT/Initial_Implementation_FFT.gen/sources_1/ip/DFTBD_MEM5/hdl/blk_mem_gen_v8_4_vhsyn_rfs.vhd
Duplicated file found; will not be sent for synthesis: c:/REPOS/EGH400_1/EGH400_1_Thesis/VHDL/initial/Initial_Implementation_FFT/Initial_Implementation_FFT.gen/sources_1/ip/DFTBD_MEM4/hdl/blk_mem_gen_v8_4_vhsyn_rfs.vhd
Duplicated file found; will not be sent for synthesis: c:/REPOS/EGH400_1/EGH400_1_Thesis/VHDL/initial/Initial_Implementation_FFT/Initial_Implementation_FFT.gen/sources_1/ip/DFTBD_MEM3/hdl/blk_mem_gen_v8_4_vhsyn_rfs.vhd
Duplicated file found; will not be sent for synthesis: c:/REPOS/EGH400_1/EGH400_1_Thesis/VHDL/initial/Initial_Implementation_FFT/Initial_Implementation_FFT.gen/sources_1/ip/DFTBD_MEM8/hdl/blk_mem_gen_v8_4_vhsyn_rfs.vhd
Duplicated file found; will not be sent for synthesis: c:/REPOS/EGH400_1/EGH400_1_Thesis/VHDL/initial/Initial_Implementation_FFT/Initial_Implementation_FFT.gen/sources_1/ip/DFTBD_MEM2/hdl/blk_mem_gen_v8_4_vhsyn_rfs.vhd
Duplicated file found; will not be sent for synthesis: c:/REPOS/EGH400_1/EGH400_1_Thesis/VHDL/initial/Initial_Implementation_FFT/Initial_Implementation_FFT.gen/sources_1/ip/DFTBD_MEM1/hdl/blk_mem_gen_v8_4_vhsyn_rfs.vhd
CRC performance measure: elapsed=00:00:02s;;memory_peak=1291.109MB;;memory_gain=0.000MB
