#-----------------------------------------------------------
# Vivado v2022.1 (64-bit)
# SW Build 3526262 on Mon Apr 18 15:48:16 MDT 2022
# IP Build 3524634 on Mon Apr 18 20:55:01 MDT 2022
# Start of session at: Sun Jun  5 15:57:35 2022
# Process ID: 37656
# Current directory: C:/REPOS/EGH400_1/EGH400-1 Thesis/VHDL/initial/iniital_2/project_3
# Command line: vivado.exe -gui_launcher_event rodinguilauncherevent18876 C:\REPOS\EGH400_1\EGH400-1 Thesis\VHDL\initial\iniital_2\project_3\project_3.xpr
# Log file: C:/REPOS/EGH400_1/EGH400-1 Thesis/VHDL/initial/iniital_2/project_3/vivado.log
# Journal file: C:/REPOS/EGH400_1/EGH400-1 Thesis/VHDL/initial/iniital_2/project_3\vivado.jou
# Running On: DESKTOP-BDA8VGJ, OS: Windows, CPU Frequency: 3600 MHz, CPU Physical cores: 8, Host memory: 25599 MB
#-----------------------------------------------------------
start_gui
open_project {C:/REPOS/EGH400_1/EGH400-1 Thesis/VHDL/initial/iniital_2/project_3/project_3.xpr}
update_compile_order -fileset sources_1
save_project_as Initial_Implementation_FFT {C:/REPOS/EGH400_1/EGH400-1 Thesis/VHDL/initial/iniital_2/Initial_Implementation_FFT} -force
set_property -dict [list CONFIG.Coe_File {C:/REPOS/EGH400_1/EGH400-1 Thesis/VHDL/initial/iniital_2/Initial_Implementation_FFT/Initial_Implementation_FFT.srcs/sources_1/ip/DFT_values.coe}] [get_ips DFTBD_MEM1]
set_property -dict [list CONFIG.Coe_File {C:/REPOS/EGH400_1/EGH400-1 Thesis/VHDL/initial/iniital_2/Initial_Implementation_FFT/Initial_Implementation_FFT.srcs/sources_1/ip/DFT_values_2.coe}] [get_ips DFTBD_MEM2]
