#-----------------------------------------------------------
# Vivado v2022.1 (64-bit)
# SW Build 3526262 on Mon Apr 18 15:48:16 MDT 2022
# IP Build 3524634 on Mon Apr 18 20:55:01 MDT 2022
# Start of session at: Wed Sep 14 14:27:09 2022
# Process ID: 5092
# Current directory: C:/REPOS/EGH400-1/EGH400_1_Thesis/VHDL/initial/Initial_Implementation_FFT/Initial_Implementation_FFT.runs/DFTBD_MEM8I_synth_1
# Command line: vivado.exe -log DFTBD_MEM8I.vds -product Vivado -mode batch -messageDb vivado.pb -notrace -source DFTBD_MEM8I.tcl
# Log file: C:/REPOS/EGH400-1/EGH400_1_Thesis/VHDL/initial/Initial_Implementation_FFT/Initial_Implementation_FFT.runs/DFTBD_MEM8I_synth_1/DFTBD_MEM8I.vds
# Journal file: C:/REPOS/EGH400-1/EGH400_1_Thesis/VHDL/initial/Initial_Implementation_FFT/Initial_Implementation_FFT.runs/DFTBD_MEM8I_synth_1\vivado.jou
# Running On: LAPTOP-M3DNELKA, OS: Windows, CPU Frequency: 2208 MHz, CPU Physical cores: 6, Host memory: 17075 MB
#-----------------------------------------------------------
source DFTBD_MEM8I.tcl -notrace
